// Jest Snapshot v1, https://goo.gl/fbAQLP

exports[`<Button /> should render the button 1`] = `
<a
  class="rounded-lg border border-slate-300 px-5 py-3 font-semibold text-blue-700 transition-colors duration-250 ease-in-out-cubic hover:border-blue-700 hover:bg-blue-100 focus:outline-none focus:ring-2 focus:ring-blue-700 focus:ring-offset-2 focus:ring-offset-slate-50 undefined"
  href=""
  target="_blank"
>
  Text
</a>
`
