// Jest Snapshot v1, https://goo.gl/fbAQLP

exports[`<Jobs /> should render the heading 1`] = `
<div
  class="mt-4 flex min-h-64 flex-row rounded-lg bg-gradient-to-br from-slate-100 to-slate-200/60"
>
  <div
    aria-label="Job tabs"
    class="m-2 w-20 space-y-4 rounded-lg bg-slate-50 p-4 text-base font-medium sm:w-48 md:w-52"
    role="tablist"
  >
    <button
      aria-controls="panel-0"
      aria-label="Tab StepChange"
      aria-selected="true"
      class="flex w-full items-center justify-between rounded-lg px-3 py-2 outline-none transition-colors duration-250 ease-in-out-cubic hover:bg-slate-100 focus:ring-2 focus:ring-blue-700 focus:ring-offset-2 focus:ring-offset-slate-50 bg-slate-100"
      id="tab-0"
      role="tab"
      tabindex="0"
    >
      <div
        class="flex min-w-4 items-center gap-2"
      >
        <img
          aria-hidden="true"
          height="16"
          src="img/apx-icon.svg"
          width="16"
        />
        <span
          class="hidden sm:block"
        >
          StepChange
        </span>
      </div>
      <p
        class="hidden justify-center rounded bg-slate-200 px-1 py-0.5 text-center text-xs font-medium text-slate-500 md:block"
      >
        3m
      </p>
    </button>
    <button
      aria-controls="panel-1"
      aria-label="Tab Praxent"
      aria-selected="false"
      class="flex w-full items-center justify-between rounded-lg px-3 py-2 outline-none transition-colors duration-250 ease-in-out-cubic hover:bg-slate-100 focus:ring-2 focus:ring-blue-700 focus:ring-offset-2 focus:ring-offset-slate-50 "
      id="tab-1"
      role="tab"
      tabindex="-1"
    >
      <div
        class="flex min-w-4 items-center gap-2"
      >
        <img
          aria-hidden="true"
          height="16"
          src="img/praxent-icon.webp"
          width="16"
        />
        <span
          class="hidden sm:block"
        >
          Praxent
        </span>
      </div>
      <p
        class="hidden justify-center rounded bg-slate-200 px-1 py-0.5 text-center text-xs font-medium text-slate-500 md:block"
      >
        2y
      </p>
    </button>
    <button
      aria-controls="panel-2"
      aria-label="Tab PicPlants"
      aria-selected="false"
      class="flex w-full items-center justify-between rounded-lg px-3 py-2 outline-none transition-colors duration-250 ease-in-out-cubic hover:bg-slate-100 focus:ring-2 focus:ring-blue-700 focus:ring-offset-2 focus:ring-offset-slate-50 "
      id="tab-2"
      role="tab"
      tabindex="-1"
    >
      <div
        class="flex min-w-4 items-center gap-2"
      >
        <img
          aria-hidden="true"
          height="16"
          src="img/picplants-icon.png"
          width="16"
        />
        <span
          class="hidden sm:block"
        >
          PicPlants
        </span>
      </div>
      <p
        class="hidden justify-center rounded bg-slate-200 px-1 py-0.5 text-center text-xs font-medium text-slate-500 md:block"
      >
        6m
      </p>
    </button>
    <button
      aria-controls="panel-3"
      aria-label="Tab SlabWare"
      aria-selected="false"
      class="flex w-full items-center justify-between rounded-lg px-3 py-2 outline-none transition-colors duration-250 ease-in-out-cubic hover:bg-slate-100 focus:ring-2 focus:ring-blue-700 focus:ring-offset-2 focus:ring-offset-slate-50 "
      id="tab-3"
      role="tab"
      tabindex="-1"
    >
      <div
        class="flex min-w-4 items-center gap-2"
      >
        <img
          aria-hidden="true"
          height="16"
          src="img/icon-slab.svg"
          width="16"
        />
        <span
          class="hidden sm:block"
        >
          SlabWare
        </span>
      </div>
      <p
        class="hidden justify-center rounded bg-slate-200 px-1 py-0.5 text-center text-xs font-medium text-slate-500 md:block"
      >
        2y
      </p>
    </button>
    <button
      aria-controls="panel-4"
      aria-label="Tab Wine"
      aria-selected="false"
      class="flex w-full items-center justify-between rounded-lg px-3 py-2 outline-none transition-colors duration-250 ease-in-out-cubic hover:bg-slate-100 focus:ring-2 focus:ring-blue-700 focus:ring-offset-2 focus:ring-offset-slate-50 "
      id="tab-4"
      role="tab"
      tabindex="-1"
    >
      <div
        class="flex min-w-4 items-center gap-2"
      >
        <img
          aria-hidden="true"
          height="16"
          src="img/logo-wine.svg"
          width="16"
        />
        <span
          class="hidden sm:block"
        >
          Wine
        </span>
      </div>
      <p
        class="hidden justify-center rounded bg-slate-200 px-1 py-0.5 text-center text-xs font-medium text-slate-500 md:block"
      >
        1y
      </p>
    </button>
  </div>
  <div
    class="mx-auto items-start rounded-r-lg p-4"
  >
    <div
      aria-hidden="false"
      aria-labelledby="tab-0"
      class="w-full rounded-lg focus:outline-none focus:ring-2 focus:ring-blue-700 focus:ring-offset-2 focus:ring-offset-slate-100"
      id="panel-0"
      role="tabpanel"
      tabindex="0"
    >
      <h2
        class="mt-1 text-2xl font-semibold"
      >
        Senior Full-Stack Design Engineer
         @
        <a
          class="link-underline relative ml-1 rounded tracking-tight text-blue-700  focus:outline-none focus:ring-2 focus:ring-blue-700 focus:ring-offset-2 focus:ring-offset-slate-100"
          href="https://www.tryapx.com"
          rel="noreferrer"
          target="_blank"
        >
          StepChange
        </a>
      </h2>
      <p
        class="mb-4"
      >
        Apr, 2025 - Present
      </p>
      <ul
        class="max-w-2xl list-inside list-disc space-y-2 leading-snug text-slate-700 "
      >
        <li>
          Developing user-centric interfaces with Next.js, React, and Tailwind CSS for an exceptional developer experience.
        </li>
        <li>
          Implementing efficient API interactions and state management using React Query.
        </li>
        <li>
          Collaborating with backend engineers to optimize data flow and system performance.
        </li>
        <li>
          Enhancing the UX of AI-generated insights to make them actionable for developers.
        </li>
        <li>
          Rebuilt the marketing website with a modern, vibrant look, increasing conversion rates.
        </li>
        <li>
          Connected main integrations to APX, including MongoDB, Linear, and Plane.so.
        </li>
        <li>
          Added media upload capabilities for images and videos on Issues and Comments.
        </li>
        <li>
          Driving growth with Posthog analytics events and data pipelines.
        </li>
      </ul>
    </div>
  </div>
</div>
`;
