// Jest Snapshot v1, https://goo.gl/fbAQLP

exports[`<Jobs /> should render the heading 1`] = `
<div
  class="mt-4 flex min-h-[16rem] flex-row rounded-lg bg-gradient-to-br from-slate-100 to-slate-200/60"
>
  <div
    aria-label="Job tabs"
    class="m-2 w-20 space-y-4 rounded-lg bg-slate-50 p-4 text-base font-medium sm:w-48 md:w-52"
    role="tablist"
  >
    <button
      aria-controls="panel-0"
      aria-label="Tab SlabWare"
      aria-selected="true"
      class="flex w-full items-center justify-between rounded-lg px-3 py-2 outline-none transition-colors duration-250 ease-in-out-cubic hover:bg-slate-100 focus:ring-2 focus:ring-blue-700 focus:ring-offset-2 focus:ring-offset-slate-50 bg-slate-100"
      id="tab-0"
      role="tab"
      tabindex="0"
    >
      <div
        class="flex min-w-[1rem] items-center gap-2"
      >
        <img
          aria-hidden="true"
          height="16"
          src="img/icon-slab.svg"
          width="16"
        />
        <span
          class="hidden sm:block"
        >
          SlabWare
        </span>
      </div>
      <p
        class="hidden justify-center rounded bg-slate-200 px-1 py-0.5 text-center text-xs font-medium text-slate-500 md:block"
      >
        2y
      </p>
    </button>
    <button
      aria-controls="panel-1"
      aria-label="Tab Wine"
      aria-selected="false"
      class="flex w-full items-center justify-between rounded-lg px-3 py-2 outline-none transition-colors duration-250 ease-in-out-cubic hover:bg-slate-100 focus:ring-2 focus:ring-blue-700 focus:ring-offset-2 focus:ring-offset-slate-50 "
      id="tab-1"
      role="tab"
      tabindex="-1"
    >
      <div
        class="flex min-w-[1rem] items-center gap-2"
      >
        <img
          aria-hidden="true"
          height="16"
          src="img/logo-wine.svg"
          width="16"
        />
        <span
          class="hidden sm:block"
        >
          Wine
        </span>
      </div>
      <p
        class="hidden justify-center rounded bg-slate-200 px-1 py-0.5 text-center text-xs font-medium text-slate-500 md:block"
      >
        1y
      </p>
    </button>
  </div>
  <div
    class="mx-auto rounded-r-lg p-4"
  >
    <div
      aria-hidden="false"
      aria-labelledby="tab-0"
      class="rounded-lg focus:outline-none focus:ring-2 focus:ring-blue-700 focus:ring-offset-2 focus:ring-offset-slate-100"
      id="panel-0"
      role="tabpanel"
      tabindex="0"
    >
      <h2
        class="mt-1 text-2xl font-semibold"
      >
        Mobile Developer
         @
        <a
          class="link-underline relative ml-1 rounded tracking-tight text-blue-700  focus:outline-none focus:ring-2 focus:ring-blue-700 focus:ring-offset-2 focus:ring-offset-slate-100"
          href="https://www.slabware.com"
          rel="noreferrer"
          target="_blank"
        >
          SlabWare
        </a>
      </h2>
      <p
        class="mb-4"
      >
        Jan, 2020 - Feb, 2022
      </p>
      <ul
        class="list-inside list-disc space-y-2 leading-snug text-slate-700"
      >
        <li>
          Built the app from scratch, collaborating with design and API teams.
        </li>
        <li>
          Responsible for the development and release processes of 3 apps.
        </li>
        <li>
          Guided coworkers on adopting Git workflows and Scrum.
        </li>
        <li>
          Provided training and mentorship to junior developers.
        </li>
      </ul>
    </div>
  </div>
</div>
`
